{
  "auto": [
    {
      "ID": "00000000-0000-0000-0000-000000000000",
      "NAME": "parent1",
      "FOUND_YEAR": "1980"
    },
    {
      "ID": "00000000-0000-0000-0000-000000000001",
      "NAME": "parent2",
      "FOUND_YEAR": "1975"
    }
  ],
  "auto_types": [
    {
      "AUTO_ID": "00000000-0000-0000-0000-000000000000",
      "AUTO_TYPE": "LIGHT"
    },
    {
      "AUTO_ID": "00000000-0000-0000-0000-000000000001",
      "AUTO_TYPE": "TRUCK"
    }
  ],
  "model": [
    {
      "ID": "00000000-0000-0000-0000-000000000000",
      "AUTO_ID": "00000000-0000-0000-0000-000000000000",
      "NAME" : "model1",
      "BUILD_YEAR" : "2019",
      "AUTO_TYPE" : "LIGHT"
    },
    {
      "ID": "00000000-0000-0000-0000-000000000001",
      "AUTO_ID": "00000000-0000-0000-0000-000000000001",
      "NAME" : "model2",
      "BUILD_YEAR" : "2017",
      "AUTO_TYPE" : "TRUCK"
    },
    {
      "ID": "regex:[0-9A-Za-z]{8}-([0-9A-Za-z]{4}-){3}[0-9A-Za-z]{12}",
      "AUTO_ID": "00000000-0000-0000-0000-000000000000",
      "NAME" : "modelNew",
      "BUILD_YEAR" : "2019",
      "AUTO_TYPE" : "LIGHT"
    }
  ]
}